// Jest Snapshot v1, https://goo.gl/fbAQLP

exports[`renders correctly 1`] = `
<g
  onMouseDown={[Function]}
  onMouseEnter={[Function]}
  onMouseLeave={[Function]}
>
  <path
    d="M 6.666666666666667 5 L 10 1.6666666666666667 L 8.333333333333334 0 L 5 3.3333333333333335 L 1.6666666666666667 0 L 0 1.6666666666666667 L 3.3333333333333335 5 L 0 8.333333333333334 L 1.6666666666666667 10 L 5 6.666666666666667 L 8.333333333333334 10 L 10 8.333333333333334 Z"
    fill="black"
    onMouseDown={[Function]}
    stroke="black"
    transform="translate(undefined,undefined)"
  />
  <circle
    cx={NaN}
    cy={NaN}
    fill="transparent"
    r={6.855654600401044}
    stroke="transparent"
  />
</g>
`;
