// Jest Snapshot v1, https://goo.gl/fbAQLP

exports[`renders correctly 1`] = `
<rect
  fill={undefined}
  height={undefined}
  onMouseDown={[Function]}
  onMouseUp={[Function]}
  transform="translate(0,0)"
  width={undefined}
/>
`;
