// Jest Snapshot v1, https://goo.gl/fbAQLP

exports[`renders correctly 1`] = `
<g
  onDoubleClick={[Function]}
  onMouseDown={[Function]}
  style={
    Object {
      "cursor": "default",
    }
  }
  transform="translate(0,0)"
>
  <rect
    fillOpacity={0}
    height={40}
    stroke="#BDBDBD"
    strokeWidth={1}
    width={63.52}
  />
  <rect
    fill="#BDBDBD"
    height={10}
    width={63.52}
  />
  <text
    x={10}
    y={26.6}
  >
    <tspan>
      Node
    </tspan>
  </text>
  <rect
    fill="#BDBDBD"
    height={10}
    transform="translate(0,30)"
    width={63.52}
  />
</g>
`;
